Mailable could not be rendered because View [mails.test] not found.