[
    {
        "uuid": "fakeUuid",
        "payloads": [
            {
                "type": "table",
                "content": {
                    "values": {
                        "Event": "Key written",
                        "Key": "cached-key",
                        "value": "cached-value"
                    },
                    "label": "Cache"
                },
                "origin": {
                    "file": "\/vendor\/laravel\/framework\/src\/Illuminate\/Cache\/Repository.php",
                    "line_number": 360
                }
            }
        ],
        "meta": []
    }
]
