[
    {
        "uuid": "fakeUuid",
        "payloads": [
            {
                "type": "table",
                "content": {
                    "values": {
                        "Event": "Key written",
                        "Key": "cached-key",
                        "value": "cached-value",
                        "Expiration in seconds": "10"
                    },
                    "label": "Cache"
                },
                "origin": {
                    "file": "\/vendor\/laravel\/framework\/src\/Illuminate\/Cache\/Repository.php",
                    "line_number": 214
                }
            }
        ],
        "meta": []
    },
    {
        "uuid": "fakeUuid",
        "payloads": [
            {
                "type": "table",
                "content": {
                    "values": {
                        "Event": "Hit",
                        "Key": "cached-key",
                        "value": "cached-value"
                    },
                    "label": "Cache"
                },
                "origin": {
                    "file": "\/vendor\/laravel\/framework\/src\/Illuminate\/Cache\/Repository.php",
                    "line_number": 107
                }
            }
        ],
        "meta": []
    },
    {
        "uuid": "fakeUuid",
        "payloads": [
            {
                "type": "table",
                "content": {
                    "values": {
                        "Event": "Key forgotten",
                        "Key": "cached-key"
                    },
                    "label": "Cache"
                },
                "origin": {
                    "file": "\/vendor\/laravel\/framework\/src\/Illuminate\/Cache\/Repository.php",
                    "line_number": 435
                }
            }
        ],
        "meta": []
    }
]
