-
    uuid: fakeUuid
    payloads: [{ type: log, content: { values: [a] }, origin: { file: helpers.php, line_number: 10 } }]
