-
    uuid: fakeUuid
    payloads: [{ type: eloquent_model, content: { class_name: Spatie\LaravelRay\Tests\TestClasses\User, attributes: { email: john@example.com }, relations: {  } }, origin: { file: /tests/RayTest.php, line_number: 123 } }]
