- '{"uuid":"fakeUuid","messages":[{"type":"log","content":{"values":["hey"]},"frame":[]}]}'
