- '{"uuid":"fakeUuid","messages":[{"type":"log","content":{"values":["a"]},"frame":[]}]}'
