-
    uuid: fakeUuid
    payloads: [{ type: log, content: { values: [a] }, origin: { file: /tests/TimberTest.php, line_number: 16 } }]
